###############################################################################
#                                                                             #
# IAR ELF Linker V6.40.2.53884/W32 for ARM              22/Mar/2013  08:29:41 #
# Copyright 2007-2012 IAR Systems AB.                                         #
#                                                                             #
#    Output file  =  E:\_PY\_work\_GPS\asf-3.7.3\thirdparty\freertos\demo\mul #
#                    ti_thread_app\sam3x8h_sam3x_ek\iar\Debug\Exe\freertos_pe #
#                    ripheral_control_flash.out                               #
#    Map file     =  E:\_PY\_work\_GPS\asf-3.7.3\thirdparty\freertos\demo\mul #
#                    ti_thread_app\sam3x8h_sam3x_ek\iar\Debug\List\freertos_p #
#                    eripheral_control_flash.map                              #
#    Command line =  E:\_PY\_work\_GPS\asf-3.7.3\thirdparty\freertos\demo\mul #
#                    ti_thread_app\sam3x8h_sam3x_ek\iar\Debug\Obj\CLI-command #
#                    s.o E:\_PY\_work\_GPS\asf-3.7.3\thirdparty\freertos\demo #
#                    \multi_thread_app\sam3x8h_sam3x_ek\iar\Debug\Obj\FreeRTO #
#                    S_CLI.o E:\_PY\_work\_GPS\asf-3.7.3\thirdparty\freertos\ #
#                    demo\multi_thread_app\sam3x8h_sam3x_ek\iar\Debug\Obj\USA #
#                    RT-CLI-task.o E:\_PY\_work\_GPS\asf-3.7.3\thirdparty\fre #
#                    ertos\demo\multi_thread_app\sam3x8h_sam3x_ek\iar\Debug\O #
#                    bj\ccsbcs.o E:\_PY\_work\_GPS\asf-3.7.3\thirdparty\freer #
#                    tos\demo\multi_thread_app\sam3x8h_sam3x_ek\iar\Debug\Obj #
#                    \ctrl_access.o E:\_PY\_work\_GPS\asf-3.7.3\thirdparty\fr #
#                    eertos\demo\multi_thread_app\sam3x8h_sam3x_ek\iar\Debug\ #
#                    Obj\cycle_counter.o E:\_PY\_work\_GPS\asf-3.7.3\thirdpar #
#                    ty\freertos\demo\multi_thread_app\sam3x8h_sam3x_ek\iar\D #
#                    ebug\Obj\datalog_tasks.o E:\_PY\_work\_GPS\asf-3.7.3\thi #
#                    rdparty\freertos\demo\multi_thread_app\sam3x8h_sam3x_ek\ #
#                    iar\Debug\Obj\diskio.o E:\_PY\_work\_GPS\asf-3.7.3\third #
#                    party\freertos\demo\multi_thread_app\sam3x8h_sam3x_ek\ia #
#                    r\Debug\Obj\dmac.o E:\_PY\_work\_GPS\asf-3.7.3\thirdpart #
#                    y\freertos\demo\multi_thread_app\sam3x8h_sam3x_ek\iar\De #
#                    bug\Obj\ecc-sw.o E:\_PY\_work\_GPS\asf-3.7.3\thirdparty\ #
#                    freertos\demo\multi_thread_app\sam3x8h_sam3x_ek\iar\Debu #
#                    g\Obj\exceptions.o E:\_PY\_work\_GPS\asf-3.7.3\thirdpart #
#                    y\freertos\demo\multi_thread_app\sam3x8h_sam3x_ek\iar\De #
#                    bug\Obj\fattime_rtc.o E:\_PY\_work\_GPS\asf-3.7.3\thirdp #
#                    arty\freertos\demo\multi_thread_app\sam3x8h_sam3x_ek\iar #
#                    \Debug\Obj\ff.o E:\_PY\_work\_GPS\asf-3.7.3\thirdparty\f #
#                    reertos\demo\multi_thread_app\sam3x8h_sam3x_ek\iar\Debug #
#                    \Obj\freertos_peripheral_control.o                       #
#                    E:\_PY\_work\_GPS\asf-3.7.3\thirdparty\freertos\demo\mul #
#                    ti_thread_app\sam3x8h_sam3x_ek\iar\Debug\Obj\freertos_tw #
#                    i_master.o E:\_PY\_work\_GPS\asf-3.7.3\thirdparty\freert #
#                    os\demo\multi_thread_app\sam3x8h_sam3x_ek\iar\Debug\Obj\ #
#                    freertos_usart_serial.o E:\_PY\_work\_GPS\asf-3.7.3\thir #
#                    dparty\freertos\demo\multi_thread_app\sam3x8h_sam3x_ek\i #
#                    ar\Debug\Obj\heap_4.o E:\_PY\_work\_GPS\asf-3.7.3\thirdp #
#                    arty\freertos\demo\multi_thread_app\sam3x8h_sam3x_ek\iar #
#                    \Debug\Obj\hsmci.o E:\_PY\_work\_GPS\asf-3.7.3\thirdpart #
#                    y\freertos\demo\multi_thread_app\sam3x8h_sam3x_ek\iar\De #
#                    bug\Obj\init.o E:\_PY\_work\_GPS\asf-3.7.3\thirdparty\fr #
#                    eertos\demo\multi_thread_app\sam3x8h_sam3x_ek\iar\Debug\ #
#                    Obj\interrupt_sam_nvic.o E:\_PY\_work\_GPS\asf-3.7.3\thi #
#                    rdparty\freertos\demo\multi_thread_app\sam3x8h_sam3x_ek\ #
#                    iar\Debug\Obj\led.o E:\_PY\_work\_GPS\asf-3.7.3\thirdpar #
#                    ty\freertos\demo\multi_thread_app\sam3x8h_sam3x_ek\iar\D #
#                    ebug\Obj\list.o E:\_PY\_work\_GPS\asf-3.7.3\thirdparty\f #
#                    reertos\demo\multi_thread_app\sam3x8h_sam3x_ek\iar\Debug #
#                    \Obj\main.o E:\_PY\_work\_GPS\asf-3.7.3\thirdparty\freer #
#                    tos\demo\multi_thread_app\sam3x8h_sam3x_ek\iar\Debug\Obj #
#                    \partest.o E:\_PY\_work\_GPS\asf-3.7.3\thirdparty\freert #
#                    os\demo\multi_thread_app\sam3x8h_sam3x_ek\iar\Debug\Obj\ #
#                    pdc.o E:\_PY\_work\_GPS\asf-3.7.3\thirdparty\freertos\de #
#                    mo\multi_thread_app\sam3x8h_sam3x_ek\iar\Debug\Obj\perio #
#                    dic_task.o E:\_PY\_work\_GPS\asf-3.7.3\thirdparty\freert #
#                    os\demo\multi_thread_app\sam3x8h_sam3x_ek\iar\Debug\Obj\ #
#                    pio.o E:\_PY\_work\_GPS\asf-3.7.3\thirdparty\freertos\de #
#                    mo\multi_thread_app\sam3x8h_sam3x_ek\iar\Debug\Obj\pio_h #
#                    andler.o E:\_PY\_work\_GPS\asf-3.7.3\thirdparty\freertos #
#                    \demo\multi_thread_app\sam3x8h_sam3x_ek\iar\Debug\Obj\pm #
#                    c.o E:\_PY\_work\_GPS\asf-3.7.3\thirdparty\freertos\demo #
#                    \multi_thread_app\sam3x8h_sam3x_ek\iar\Debug\Obj\port.o  #
#                    E:\_PY\_work\_GPS\asf-3.7.3\thirdparty\freertos\demo\mul #
#                    ti_thread_app\sam3x8h_sam3x_ek\iar\Debug\Obj\portasm.o   #
#                    E:\_PY\_work\_GPS\asf-3.7.3\thirdparty\freertos\demo\mul #
#                    ti_thread_app\sam3x8h_sam3x_ek\iar\Debug\Obj\queue.o     #
#                    E:\_PY\_work\_GPS\asf-3.7.3\thirdparty\freertos\demo\mul #
#                    ti_thread_app\sam3x8h_sam3x_ek\iar\Debug\Obj\read.o      #
#                    E:\_PY\_work\_GPS\asf-3.7.3\thirdparty\freertos\demo\mul #
#                    ti_thread_app\sam3x8h_sam3x_ek\iar\Debug\Obj\rtc.o       #
#                    E:\_PY\_work\_GPS\asf-3.7.3\thirdparty\freertos\demo\mul #
#                    ti_thread_app\sam3x8h_sam3x_ek\iar\Debug\Obj\run-time-st #
#                    ats-utils.o E:\_PY\_work\_GPS\asf-3.7.3\thirdparty\freer #
#                    tos\demo\multi_thread_app\sam3x8h_sam3x_ek\iar\Debug\Obj #
#                    \sd_mmc.o E:\_PY\_work\_GPS\asf-3.7.3\thirdparty\freerto #
#                    s\demo\multi_thread_app\sam3x8h_sam3x_ek\iar\Debug\Obj\s #
#                    d_mmc_mem.o E:\_PY\_work\_GPS\asf-3.7.3\thirdparty\freer #
#                    tos\demo\multi_thread_app\sam3x8h_sam3x_ek\iar\Debug\Obj #
#                    \sleep.o E:\_PY\_work\_GPS\asf-3.7.3\thirdparty\freertos #
#                    \demo\multi_thread_app\sam3x8h_sam3x_ek\iar\Debug\Obj\sl #
#                    eepmgr.o E:\_PY\_work\_GPS\asf-3.7.3\thirdparty\freertos #
#                    \demo\multi_thread_app\sam3x8h_sam3x_ek\iar\Debug\Obj\sp #
#                    i.o E:\_PY\_work\_GPS\asf-3.7.3\thirdparty\freertos\demo #
#                    \multi_thread_app\sam3x8h_sam3x_ek\iar\Debug\Obj\spi_mas #
#                    ter.o E:\_PY\_work\_GPS\asf-3.7.3\thirdparty\freertos\de #
#                    mo\multi_thread_app\sam3x8h_sam3x_ek\iar\Debug\Obj\start #
#                    up_sam3x.o E:\_PY\_work\_GPS\asf-3.7.3\thirdparty\freert #
#                    os\demo\multi_thread_app\sam3x8h_sam3x_ek\iar\Debug\Obj\ #
#                    sysclk.o E:\_PY\_work\_GPS\asf-3.7.3\thirdparty\freertos #
#                    \demo\multi_thread_app\sam3x8h_sam3x_ek\iar\Debug\Obj\sy #
#                    stem_sam3x.o E:\_PY\_work\_GPS\asf-3.7.3\thirdparty\free #
#                    rtos\demo\multi_thread_app\sam3x8h_sam3x_ek\iar\Debug\Ob #
#                    j\tasks.o E:\_PY\_work\_GPS\asf-3.7.3\thirdparty\freerto #
#                    s\demo\multi_thread_app\sam3x8h_sam3x_ek\iar\Debug\Obj\t #
#                    c.o E:\_PY\_work\_GPS\asf-3.7.3\thirdparty\freertos\demo #
#                    \multi_thread_app\sam3x8h_sam3x_ek\iar\Debug\Obj\timers. #
#                    o E:\_PY\_work\_GPS\asf-3.7.3\thirdparty\freertos\demo\m #
#                    ulti_thread_app\sam3x8h_sam3x_ek\iar\Debug\Obj\twi.o     #
#                    E:\_PY\_work\_GPS\asf-3.7.3\thirdparty\freertos\demo\mul #
#                    ti_thread_app\sam3x8h_sam3x_ek\iar\Debug\Obj\uart.o      #
#                    E:\_PY\_work\_GPS\asf-3.7.3\thirdparty\freertos\demo\mul #
#                    ti_thread_app\sam3x8h_sam3x_ek\iar\Debug\Obj\usart.o     #
#                    E:\_PY\_work\_GPS\asf-3.7.3\thirdparty\freertos\demo\mul #
#                    ti_thread_app\sam3x8h_sam3x_ek\iar\Debug\Obj\usart_seria #
#                    l.o E:\_PY\_work\_GPS\asf-3.7.3\thirdparty\freertos\demo #
#                    \multi_thread_app\sam3x8h_sam3x_ek\iar\Debug\Obj\virtual #
#                    _mem.o E:\_PY\_work\_GPS\asf-3.7.3\thirdparty\freertos\d #
#                    emo\multi_thread_app\sam3x8h_sam3x_ek\iar\Debug\Obj\writ #
#                    e.o -o E:\_PY\_work\_GPS\asf-3.7.3\thirdparty\freertos\d #
#                    emo\multi_thread_app\sam3x8h_sam3x_ek\iar\Debug\Exe\free #
#                    rtos_peripheral_control_flash.out --redirect             #
#                    _Printf=_PrintfLarge --redirect _Scanf=_ScanfSmall       #
#                    --map E:\_PY\_work\_GPS\asf-3.7.3\thirdparty\freertos\de #
#                    mo\multi_thread_app\sam3x8h_sam3x_ek\iar\Debug\List\free #
#                    rtos_peripheral_control_flash.map --config               #
#                    E:\_PY\_work\_GPS\asf-3.7.3\thirdparty\freertos\demo\mul #
#                    ti_thread_app\sam3x8h_sam3x_ek\iar/../../../../../../sam #
#                    /utils/linker_scripts/sam3x/sam3x8/iar/flash.icf         #
#                    --remarks --config_def __ICFEDIT_size_heap__=0x1000      #
#                    --entry __iar_program_start --no_exceptions --vfe        #
#                                                                             #
#                                                                             #
###############################################################################

*******************************************************************************
*** RUNTIME MODEL ATTRIBUTES
***

CppFlavor       = *
__SystemLibrary = DLib


*******************************************************************************
*** PLACEMENT SUMMARY
***

"A1":  place at 0x00080000 { ro section .intvec };
"P1":  place in [from 0x00080000 to 0x000fffff] { ro };
"P2":  place in [from 0x20070000 to 0x20087fff] { rw, block CSTACK, block HEAP };

  Section            Kind        Address    Size  Object
  -------            ----        -------    ----  ------
"A1":                                       0xf4
  .intvec                     0x00080000    0xf4  <Block>
    .intvec          const    0x00080000    0xf4  startup_sam3x.o [1]
                            - 0x000800f4    0xf4

"P1":                                     0x7618
  .text              ro code  0x000800f4   0xe44  ff.o [1]
  .text              ro code  0x00080f38    0x66  ABImemset.o [5]
  .text              ro code  0x00080f9e    0x22  zero_init3.o [5]
  .text              ro code  0x00080fc0    0xf2  diskio.o [1]
  .text              ro code  0x000810b2    0x1a  xsnprout.o [3]
  .text              ro code  0x000810cc   0x518  ccsbcs.o [1]
  .text              ro code  0x000815e4    0x12  rtc.o [1]
  .text              ro code  0x000815f6     0xa  xsprout.o [3]
  .text              ro code  0x00081600    0x52  ctrl_access.o [1]
  .text              ro code  0x00081652     0x2  exceptions.o [1]
  .text              ro code  0x00081654    0xc2  sd_mmc_mem.o [1]
  Veneer             ro code  0x00081718     0x8  - Linker created -
  .text              ro code  0x00081720   0x924  sd_mmc.o [1]
  .text              ro code  0x00082044   0x398  hsmci.o [1]
  .text              ro code  0x000823dc   0x192  pmc.o [1]
  .text              ro code  0x00082570    0x96  dmac.o [1]
  .text              ro code  0x00082608   0xb2a  xprintflarge.o [3]
  .text              ro code  0x00083134    0x16  strchr.o [5]
  .text              ro code  0x0008314c    0x36  strlen.o [5]
  .text              ro code  0x00083184    0x58  memchr.o [5]
  .text              ro code  0x000831dc    0xee  I64DivMod.o [5]
  .text              ro code  0x000832cc    0x76  ABImemcpy.o [5]
  .text              ro code  0x00083342    0x42  xdnorm.o [4]
  .text              ro code  0x00083384    0x2e  DblCmpLe.o [4]
  .text              ro code  0x000833b4   0x1a2  DblMul.o [4]
  .text              ro code  0x00083558   0x246  DblDiv.o [4]
  .text              ro code  0x000837a0    0x2c  DblToI32.o [4]
  .text              ro code  0x000837cc    0x1c  I32ToDbl.o [4]
  .text              ro code  0x000837e8   0x180  DblSub.o [4]
  .text              ro code  0x00083968     0xe  div.o [3]
  .text              ro code  0x00083978     0x2  I64DivZer.o [5]
  .text              ro code  0x0008397c    0xd4  DblAdd.o [4]
  .text              ro code  0x00083a50   0xac0  tasks.o [1]
  .text              ro code  0x00084510    0x72  main.o [1]
  .text              ro code  0x00084584   0x198  heap_4.o [1]
  .text              ro code  0x0008471c    0x3a  ABImemset48.o [5]
  .text              ro code  0x00084758    0x6c  strncpy.o [5]
  .text              ro code  0x000847c4    0x94  list.o [1]
  .text              ro code  0x00084858    0xac  port.o [1]
  .text              ro code  0x00084904   0x33c  timers.o [1]
  CODE               ro code  0x00084c40    0x7c  portasm.o [1]
  .text              ro code  0x00084cbc    0x4c  run-time-stats-utils.o [1]
  .text              ro code  0x00084d08    0x1c  strcat.o [3]
  .text              ro code  0x00084d24    0x62  memcmp.o [5]
  .text              ro code  0x00084d88    0x34  sprintf.o [3]
  .text              ro code  0x00084dbc    0xa4  sysclk.o [1]
  .text              ro code  0x00084e60   0x170  init.o [1]
  .text              ro code  0x00084fd0    0x88  partest.o [1]
  .text              ro code  0x00085058    0x2c  datalog_tasks.o [1]
  .text              ro code  0x00085084   0x2ac  USART-CLI-task.o [1]
  .text              ro code  0x00085330   0x230  periodic_task.o [1]
  .text              ro code  0x00085560   0x544  queue.o [1]
  .text              ro code  0x00085aa4   0x124  system_sam3x.o [1]
  .text              ro code  0x00085bc8   0x180  pio.o [1]
  .text              ro code  0x00085d48   0x498  freertos_usart_serial.o [1]
  .text              ro code  0x000861e0   0x5d8  CLI-commands.o [1]
  .text              ro code  0x000867b8   0x284  FreeRTOS_CLI.o [1]
  .text              ro code  0x00086a3c    0x44  strcpy.o [5]
  .text              ro code  0x00086a80     0x6  ABImemclr4.o [5]
  .text              ro code  0x00086a88    0xa0  tc.o [1]
  .text              ro code  0x00086b28   0x28c  freertos_peripheral_control.o [1]
  .text              ro code  0x00086db4    0xf4  usart.o [1]
  .text              ro code  0x00086ea8    0x3c  pdc.o [1]
  .text              ro code  0x00086ee4     0x6  ABImemclr.o [5]
  .text              ro code  0x00086eea    0x28  strncat.o [3]
  .text              ro code  0x00086f14   0x174  xstoul.o [3]
  .text              ro code  0x00087088    0x44  snprintf.o [3]
  .text              ro code  0x000870cc    0x2a  strncmp.o [3]
  .text              ro code  0x000870f8     0xc  errno.o [3]
  .text              ro code  0x00087104     0x2  xtls.o [3]
  .rodata            const    0x00087108   0x2a8  CLI-commands.o [1]
  .text              ro code  0x000873b0    0xd4  freertos_twi_master.o [1]
  .text              ro code  0x00087484     0xe  twi.o [1]
  .text              ro code  0x00087492    0xa6  packbits_init3.o [5]
  .text              ro code  0x00087538    0x80  pio_handler.o [1]
  .rodata            const    0x000875b8    0x48  FreeRTOS_CLI.o [1]
  .text              ro code  0x00087600    0x30  startup_sam3x.o [1]
  .text              ro code  0x00087630     0xc  cstartup_M.o [5]
  .text              ro code  0x0008763c    0x16  cmain.o [5]
  .text              ro code  0x00087654    0x28  data_init3.o [5]
  .text              ro code  0x0008767c     0x4  exit.o [3]
  .text              ro code  0x00087680     0xa  cexit.o [5]
  .text              ro code  0x0008768c     0xc  XXexit.o [5]
  .iar.init_table    const    0x00087698    0x2c  - Linker created -
  .rodata            const    0x000876c4     0x0  zero_init3.o [5]
  .rodata            const    0x000876c4     0x0  packbits_init3.o [5]
  Initializer bytes  ro data  0x000876c4    0x46  <for P2 s0>
                            - 0x0008770a  0x7616

"P2", part 1 of 3:                          0xe8
  P2 s0                       0x20070000    0xe8  <Init block>
    .data            inited   0x20070000    0x5c  tasks.o [1]
    .data            inited   0x2007005c    0x24  sd_mmc.o [1]
    .data            inited   0x20070080    0x20  periodic_task.o [1]
    .data            inited   0x200700a0    0x10  FreeRTOS_CLI.o [1]
    .data            inited   0x200700b0    0x10  heap_4.o [1]
    .data            inited   0x200700c0     0xc  periodic_task.o [1]
    .textrw          inited   0x200700cc     0xa  cycle_counter.o [1]
    .data            inited   0x200700d8     0x4  FreeRTOS_CLI.o [1]
    .data            inited   0x200700dc     0x4  periodic_task.o [1]
    .data            inited   0x200700e0     0x4  port.o [1]
    .data            inited   0x200700e4     0x4  system_sam3x.o [1]
                            - 0x200700e8    0xe8

"P2", part 2 of 3:                        0x4760
  .bss               zero     0x200700e8  0x4000  heap_4.o [1]
  .bss               zero     0x200740e8   0x244  CLI-commands.o [1]
  .bss               zero     0x2007432c   0x190  FreeRTOS_CLI.o [1]
  .bss               zero     0x200744bc    0xac  tasks.o [1]
  .bss               zero     0x20074568    0x74  pio_handler.o [1]
  .bss               zero     0x200745dc    0x70  freertos_usart_serial.o [1]
  .bss               zero     0x2007464c    0x6c  USART-CLI-task.o [1]
  .bss               zero     0x200746b8    0x3c  CLI-commands.o [1]
  .bss               zero     0x200746f4    0x34  USART-CLI-task.o [1]
  .bss               zero     0x20074728    0x34  tasks.o [1]
  .bss               zero     0x2007475c    0x34  timers.o [1]
  .bss               zero     0x20074790    0x28  tasks.o [1]
  .bss               zero     0x200747b8    0x20  freertos_twi_master.o [1]
  .bss               zero     0x200747d8    0x20  freertos_usart_serial.o [1]
  .bss               zero     0x200747f8    0x18  ff.o [1]
  .bss               zero     0x20074810     0xc  sd_mmc.o [1]
  .bss               zero     0x2007481c     0x8  hsmci.o [1]
  .bss               zero     0x20074824     0x4  CLI-commands.o [1]
  .bss               zero     0x20074828     0x4  CLI-commands.o [1]
  .bss               zero     0x2007482c     0x4  CLI-commands.o [1]
  .bss               zero     0x20074830     0x4  run-time-stats-utils.o [1]
  .bss               zero     0x20074834     0x4  timers.o [1]
  .bss               zero     0x20074838     0x4  usart.o [1]
  __DLIB_PERTHREAD   zero     0x2007483c     0x4  errno.o [3]
  .bss               zero     0x20074840     0x2  sd_mmc_mem.o [1]
                            - 0x20074842  0x475a

"P2", part 3 of 3:                        0x2000
  CSTACK                      0x20074848  0x2000  <Block>
    CSTACK           uninit   0x20074848  0x2000  <Block tail>
                            - 0x20076848  0x2000


*******************************************************************************
*** INIT TABLE
***

          Address     Size
          -------     ----
Zero (__iar_zero_init3)
    1 destination range, total size 0x475a:
          0x200700e8  0x475a

Copy/packbits (__iar_packbits_init3)
    1 source range, total size 0x46 (30% of destination):
          0x000876c4    0x46
    1 destination range, total size 0xe8:
          0x20070000    0xe8



*******************************************************************************
*** MODULE SUMMARY
***

    Module                         ro code  rw code  ro data  rw data
    ------                         -------  -------  -------  -------
E:\_PY\_work\_GPS\asf-3.7.3\thirdparty\freertos\demo\multi_thread_app\sam3x8h_sam3x_ek\iar\Debug\Obj: [1]
    CLI-commands.o                   1 496               680      652
    FreeRTOS_CLI.o                     644                79      420
    USART-CLI-task.o                   684                        160
    ccsbcs.o                         1 304
    ctrl_access.o                       82
    cycle_counter.o                              10        3
    datalog_tasks.o                     44
    diskio.o                           242
    dmac.o                             150
    exceptions.o                         2
    ff.o                             3 652                         24
    freertos_peripheral_control.o      652
    freertos_twi_master.o              212                         32
    freertos_usart_serial.o          1 176                        144
    heap_4.o                           408                 4   16 400
    hsmci.o                            920                          8
    init.o                             368
    list.o                             148
    main.o                             114
    partest.o                          136
    pdc.o                               60
    periodic_task.o                    560                15       48
    pio.o                              384
    pio_handler.o                      128                        116
    pmc.o                              402
    port.o                             172                 1        4
    portasm.o                          124
    queue.o                          1 348
    rtc.o                               18
    run-time-stats-utils.o              76                          4
    sd_mmc.o                         2 340                11       48
    sd_mmc_mem.o                       194                          2
    startup_sam3x.o                     48               244
    sysclk.o                           164
    system_sam3x.o                     292                 2        4
    tasks.o                          2 752                27      356
    tc.o                               160
    timers.o                           828                         56
    twi.o                               14
    usart.o                            244                          4
    -----------------------------------------------------------------
    Total:                          22 742       10    1 066   18 482

command line: [2]
    -----------------------------------------------------------------
    Total:

dl7M_tln.a: [3]
    div.o                               14
    errno.o                             12                          4
    exit.o                               4
    snprintf.o                          68
    sprintf.o                           52
    strcat.o                            28
    strncat.o                           40
    strncmp.o                           42
    xprintflarge.o                   2 858
    xsnprout.o                          26
    xsprout.o                           10
    xstoul.o                           372
    xtls.o                               2
    -----------------------------------------------------------------
    Total:                           3 528                          4

m7M_tl.a: [4]
    DblAdd.o                           212
    DblCmpLe.o                          46
    DblDiv.o                           582
    DblMul.o                           418
    DblSub.o                           384
    DblToI32.o                          44
    I32ToDbl.o                          28
    xdnorm.o                            66
    -----------------------------------------------------------------
    Total:                           1 780

rt7M_tl.a: [5]
    ABImemclr.o                          6
    ABImemclr4.o                         6
    ABImemcpy.o                        118
    ABImemset.o                        102
    ABImemset48.o                       58
    I64DivMod.o                        238
    I64DivZer.o                          2
    XXexit.o                            12
    cexit.o                             10
    cmain.o                             22
    cstartup_M.o                        12
    data_init3.o                        40
    memchr.o                            88
    memcmp.o                            98
    packbits_init3.o                   166
    strchr.o                            22
    strcpy.o                            68
    strlen.o                            54
    strncpy.o                          108
    zero_init3.o                        34
    -----------------------------------------------------------------
    Total:                           1 264

    Gaps                                40                 2        2
    Linker created                       8                44    8 192
---------------------------------------------------------------------
    Grand Total:                    29 362       10    1 112   26 680


*******************************************************************************
*** ENTRY LIST
***

Entry                      Address    Size  Type      Object
-----                      -------    ----  ----      ------
.intvec$$Base           0x00080000           --   Gb  - Linker created -
.intvec$$Limit          0x000800f4           --   Gb  - Linker created -
?main                   0x0008763d          Code  Gb  cmain.o [5]
ADC_Handler             0x00081653     0x2  Code  Wk  exceptions.o [1]
BusFault_Handler        0x00081653     0x2  Code  Wk  exceptions.o [1]
CAN0_Handler            0x00081653     0x2  Code  Wk  exceptions.o [1]
CAN1_Handler            0x00081653     0x2  Code  Wk  exceptions.o [1]
CSTACK$$Base            0x20074848           --   Gb  - Linker created -
CSTACK$$Limit           0x20076848           --   Gb  - Linker created -
DACC_Handler            0x00081653     0x2  Code  Wk  exceptions.o [1]
DMAC_Handler            0x00081653     0x2  Code  Wk  exceptions.o [1]
DebugMon_Handler        0x00081653     0x2  Code  Wk  exceptions.o [1]
Dummy_Handler           0x00081653     0x2  Code  Gb  exceptions.o [1]
EFC0_Handler            0x00081653     0x2  Code  Wk  exceptions.o [1]
EFC1_Handler            0x00081653     0x2  Code  Wk  exceptions.o [1]
EMAC_Handler            0x00081653     0x2  Code  Wk  exceptions.o [1]
FatFs                   0x200747fc    0x14  Data  Lc  ff.o [1]
FreeRTOS_CLIGetOutputBuffer
                        0x000868b7     0x4  Code  Gb  FreeRTOS_CLI.o [1]
FreeRTOS_CLIGetParameter
                        0x000868bb    0x52  Code  Gb  FreeRTOS_CLI.o [1]
FreeRTOS_CLIProcessCommand
                        0x000867fb    0xbc  Code  Gb  FreeRTOS_CLI.o [1]
FreeRTOS_CLIRegisterCommand
                        0x000867b9    0x42  Code  Gb  FreeRTOS_CLI.o [1]
Fsid                    0x200747f8     0x2  Data  Lc  ff.o [1]
HSMCI_Handler           0x00081653     0x2  Code  Wk  exceptions.o [1]
HardFault_Handler       0x00081653     0x2  Code  Wk  exceptions.o [1]
LfnOfs                  0x00080740    0x10  Data  Lc  ff.o [1]
MemManage_Handler       0x00081653     0x2  Code  Wk  exceptions.o [1]
NMI_Handler             0x00081653     0x2  Code  Wk  exceptions.o [1]
PIOA_Handler            0x00087577     0x6  Code  Gb  pio_handler.o [1]
PIOB_Handler            0x0008757d     0x6  Code  Gb  pio_handler.o [1]
PIOC_Handler            0x00087583     0x6  Code  Gb  pio_handler.o [1]
PIOD_Handler            0x00087589     0x6  Code  Gb  pio_handler.o [1]
PIOE_Handler            0x0008758f     0x6  Code  Gb  pio_handler.o [1]
PIOF_Handler            0x00087595     0x6  Code  Gb  pio_handler.o [1]
PMC_Handler             0x00081653     0x2  Code  Wk  exceptions.o [1]
PWM_Handler             0x00081653     0x2  Code  Wk  exceptions.o [1]
PendSV_Handler          0x00084c41          Code  Gb  portasm.o [1]
RSTC_Handler            0x00081653     0x2  Code  Wk  exceptions.o [1]
RTC_Handler             0x00081653     0x2  Code  Wk  exceptions.o [1]
RTT_Handler             0x00081653     0x2  Code  Wk  exceptions.o [1]
Region$$Table$$Base     0x00087698           --   Gb  - Linker created -
Region$$Table$$Limit    0x000876c4           --   Gb  - Linker created -
Reset_Handler           0x0008762d     0x4  Code  Gb  startup_sam3x.o [1]
SDMMC_UNSTUFF_BITS      0x00081721    0x54  Code  Lc  sd_mmc.o [1]
SDRAMC_Handler          0x00081653     0x2  Code  Wk  exceptions.o [1]
SMC_Handler             0x00081653     0x2  Code  Wk  exceptions.o [1]
SPI0_Handler            0x00081653     0x2  Code  Wk  exceptions.o [1]
SPI1_Handler            0x00081653     0x2  Code  Wk  exceptions.o [1]
SSC_Handler             0x00081653     0x2  Code  Wk  exceptions.o [1]
SUPC_Handler            0x00081653     0x2  Code  Wk  exceptions.o [1]
SVC_Handler             0x00084c8b          Code  Gb  portasm.o [1]
SysTick_Handler         0x000848c5    0x1c  Code  Gb  port.o [1]
SystemCoreClock         0x200700e4     0x4  Data  Gb  system_sam3x.o [1]
SystemCoreClockUpdate   0x00085aa5    0xb4  Code  Gb  system_sam3x.o [1]
TC0_Handler             0x0008533d    0x24  Code  Gb  periodic_task.o [1]
TC1_Handler             0x00081653     0x2  Code  Wk  exceptions.o [1]
TC2_Handler             0x00081653     0x2  Code  Wk  exceptions.o [1]
TC3_Handler             0x00081653     0x2  Code  Wk  exceptions.o [1]
TC4_Handler             0x00081653     0x2  Code  Wk  exceptions.o [1]
TC5_Handler             0x00081653     0x2  Code  Wk  exceptions.o [1]
TC6_Handler             0x00081653     0x2  Code  Wk  exceptions.o [1]
TC7_Handler             0x00081653     0x2  Code  Wk  exceptions.o [1]
TC8_Handler             0x00081653     0x2  Code  Wk  exceptions.o [1]
TRNG_Handler            0x00081653     0x2  Code  Wk  exceptions.o [1]
TWI0_Handler            0x0008745d     0x4  Code  Gb  freertos_twi_master.o [1]
TWI1_Handler            0x00087461     0x4  Code  Gb  freertos_twi_master.o [1]
Tbl                     0x00081124   0x100  Data  Lc  ccsbcs.o [1]
UART_Handler            0x00081653     0x2  Code  Wk  exceptions.o [1]
UOTGHS_Handler          0x00081653     0x2  Code  Wk  exceptions.o [1]
USART0_Handler          0x0008613b     0x4  Code  Gb  freertos_usart_serial.o [1]
USART1_Handler          0x0008613f     0x4  Code  Gb  freertos_usart_serial.o [1]
USART2_Handler          0x00086143     0x4  Code  Gb  freertos_usart_serial.o [1]
USART3_Handler          0x00086147     0x4  Code  Gb  freertos_usart_serial.o [1]
UsageFault_Handler      0x00081653     0x2  Code  Wk  exceptions.o [1]
WDT_Handler             0x00081653     0x2  Code  Wk  exceptions.o [1]
_GenldLarge             0x00082e9f   0x24a  Code  Lc  xprintflarge.o [3]
_LdtobLarge             0x00082c21   0x278  Code  Lc  xprintflarge.o [3]
_LitobLarge             0x00082b0b   0x10e  Code  Lc  xprintflarge.o [3]
_PrintfLarge            0x00082609   0x4fc  Code  Gb  xprintflarge.o [3]
_PutcharsLarge          0x000830e9    0x2e  Code  Lc  xprintflarge.o [3]
_SNProut                0x000810b3    0x1a  Code  Gb  xsnprout.o [3]
_SProut                 0x000815f7     0xa  Code  Gb  xsprout.o [3]
__aeabi_cdcmple         0x00083385          Code  Gb  DblCmpLe.o [4]
__aeabi_d2uiz           0x000837a1          Code  Gb  DblToI32.o [4]
__aeabi_ddiv            0x00083559          Code  Gb  DblDiv.o [4]
__aeabi_dmul            0x000833b5          Code  Gb  DblMul.o [4]
__aeabi_dsub            0x000837e9          Code  Gb  DblSub.o [4]
__aeabi_errno_addr      0x000870f9     0x6  Code  Gb  errno.o [3]
__aeabi_ldiv0           0x00083979          Code  Gb  I64DivZer.o [5]
__aeabi_memclr          0x00086ee5          Code  Gb  ABImemclr.o [5]
__aeabi_memclr4         0x00086a81          Code  Gb  ABImemclr4.o [5]
__aeabi_memcpy          0x000832cd          Code  Gb  ABImemcpy.o [5]
__aeabi_memcpy4         0x000832ed          Code  Gb  ABImemcpy.o [5]
__aeabi_memcpy8         0x000832ed          Code  Gb  ABImemcpy.o [5]
__aeabi_memset          0x00080f39          Code  Gb  ABImemset.o [5]
__aeabi_memset4         0x0008471d          Code  Gb  ABImemset48.o [5]
__aeabi_memset8         0x0008471d          Code  Gb  ABImemset48.o [5]
__aeabi_ui2d            0x000837cd          Code  Gb  I32ToDbl.o [4]
__aeabi_uldivmod        0x000831dd          Code  Gb  I64DivMod.o [5]
__cmain                 0x0008763d          Code  Gb  cmain.o [5]
__exit                  0x0008768d          Code  Gb  XXexit.o [5]
__iar_Dnorm             0x00083343    0x42  Code  Gb  xdnorm.o [4]
__iar_Errno             0x2007483c     0x4  Data  Gb  errno.o [3]
__iar_Memchr            0x00083185          Code  Gb  memchr.o [5]
__iar_Memset            0x00080f39          Code  Gb  ABImemset.o [5]
__iar_Memset4_word      0x00084725          Code  Gb  ABImemset48.o [5]
__iar_Memset8_word      0x00084725          Code  Gb  ABImemset48.o [5]
__iar_Memset_word       0x00080f41          Code  Gb  ABImemset.o [5]
__iar_Stoul             0x00087033     0x4  Code  Gb  xstoul.o [3]
__iar_Stoulx            0x00086f15   0x118  Code  Gb  xstoul.o [3]
__iar_Strchr            0x00083135          Code  Gb  strchr.o [5]
__iar_d2uiz             0x000837ad          Code  Gb  DblToI32.o [4]
__iar_dadd              0x0008397d          Code  Gb  DblAdd.o [4]
__iar_data_init3        0x00087655    0x28  Code  Gb  data_init3.o [5]
__iar_dlib_perthread_access
                        0x00087105     0x2  Code  Gb  xtls.o [3]
__iar_dsub              0x000837fd          Code  Gb  DblSub.o [4]
__iar_dsubStart         0x0008380f          Code  Gb  DblSub.o [4]
__iar_packbits_init3    0x00087493    0xa6  Code  Gb  packbits_init3.o [5]
__iar_program_start     0x00087631          Code  Gb  cstartup_M.o [5]
__iar_ui2d              0x000837d1          Code  Gb  I32ToDbl.o [4]
__iar_zero_init3        0x00080f9f    0x22  Code  Gb  zero_init3.o [5]
__low_level_init        0x00087601    0x20  Code  Gb  startup_sam3x.o [1]
__region_NFC_RAM_end__ {Abs}
                        0x20100fff           --   Gb  command line/config [2]
__region_NFC_RAM_start__ {Abs}
                        0x20100000           --   Gb  command line/config [2]
__region_RAM0_end__ {Abs}
                        0x2000ffff           --   Gb  command line/config [2]
__region_RAM0_size__ {Abs}
                        0x00010000           --   Gb  command line/config [2]
__region_RAM0_start__ {Abs}
                        0x20000000           --   Gb  command line/config [2]
__region_RAM1_end__ {Abs}
                        0x20087fff           --   Gb  command line/config [2]
__region_RAM1_size__ {Abs}
                        0x00008000           --   Gb  command line/config [2]
__region_RAM1_start__ {Abs}
                        0x20080000           --   Gb  command line/config [2]
__region_RAM_end__ {Abs}
                        0x20087fff           --   Gb  command line/config [2]
__region_RAM_size__ {Abs}
                        0x00018000           --   Gb  command line/config [2]
__region_RAM_start__ {Abs}
                        0x20070000           --   Gb  command line/config [2]
__region_ROM_end__ {Abs}
                        0x000fffff           --   Gb  command line/config [2]
__region_ROM_size__ {Abs}
                        0x00080000           --   Gb  command line/config [2]
__region_ROM_start__ {Abs}
                        0x00080000           --   Gb  command line/config [2]
__vector_table          0x00080000    0xf4  Data  Gb  startup_sam3x.o [1]
_call_main              0x00087649          Code  Gb  cmain.o [5]
_exit                   0x00087681          Code  Gb  cexit.o [5]
_main                   0x0008764f          Code  Gb  cmain.o [5]
all_twi_definitions     0x00087464    0x20  Data  Lc  freertos_twi_master.o [1]
all_usart_definitions   0x000861a0    0x40  Data  Lc  freertos_usart_serial.o [1]
assert_triggered        0x00084565    0x1e  Code  Gb  main.o [1]
board_init              0x00084e61   0x170  Code  Gb  init.o [1]
cOutputBuffer           0x2007432c   0x190  Data  Lc  FreeRTOS_CLI.o [1]
check_fs                0x00080af5    0x5e  Code  Lc  ff.o [1]
check_requested_operating_mode
                        0x00086b41    0x1a  Code  Gb  freertos_peripheral_control.o [1]
chk_chr                 0x00080103    0x12  Code  Lc  ff.o [1]
chk_mounted             0x00080b5d   0x2c4  Code  Lc  ff.o [1]
cli_usart               0x20074680     0x4  Data  Lc  USART-CLI-task.o [1]
clocks_per_10th_ms      0x20074830     0x4  Data  Lc  run-time-stats-utils.o [1]
clust2sect              0x0008016f    0x18  Code  Lc  ff.o [1]
configure_interrupt_controller
                        0x00086bf1    0x44  Code  Gb  freertos_peripheral_control.o [1]
configure_rx_dma        0x00085fdb    0x76  Code  Lc  freertos_usart_serial.o [1]
configure_timer_for_run_time_stats
                        0x00084cbd     0xa  Code  Gb  run-time-stats-utils.o [1]
create_chain            0x00080323    0x8e  Code  Lc  ff.o [1]
create_name             0x00080757   0x1d0  Code  Lc  ff.o [1]
create_periodic_task    0x000853cd    0xc2  Code  Gb  periodic_task.o [1]
create_peripheral_control_semaphores
                        0x00086b5b    0x82  Code  Gb  freertos_peripheral_control.o [1]
create_task_command     0x0008634d    0x60  Code  Lc  CLI-commands.o [1]
create_task_command_definition
                        0x00086788    0x10  Data  Lc  CLI-commands.o [1]
create_usart_cli_task   0x00085085    0x5c  Code  Gb  USART-CLI-task.o [1]
created_task            0x00086481    0x28  Code  Gb  CLI-commands.o [1]
created_task_handle     0x20074824     0x4  Data  Lc  CLI-commands.o [1]
datalog_tasks_init      0x00085059    0x2c  Code  Gb  datalog_tasks.o [1]
delete_task_command     0x000863b5    0x2e  Code  Lc  CLI-commands.o [1]
delete_task_command_definition
                        0x00086798    0x10  Data  Lc  CLI-commands.o [1]
digits                  0x00087038    0x28  Data  Lc  xstoul.o [3]
dir_find                0x0008052d   0x126  Code  Lc  ff.o [1]
dir_next                0x0008042f    0xdc  Code  Lc  ff.o [1]
dir_read                0x00080659    0xe6  Code  Lc  ff.o [1]
dir_sdi                 0x000803b1    0x7e  Code  Lc  ff.o [1]
disk_initialize         0x00080fc1    0x34  Code  Gb  diskio.o [1]
disk_read               0x0008100d    0x46  Code  Gb  diskio.o [1]
disk_status             0x00080ff9    0x14  Code  Gb  diskio.o [1]
disk_write              0x00081053    0x46  Code  Gb  diskio.o [1]
div                     0x00083969     0xe  Code  Gb  div.o [3]
dmac_channel_disable    0x0008257b     0x4  Code  Gb  dmac.o [1]
dmac_channel_enable     0x00082577     0x4  Code  Gb  dmac.o [1]
dmac_channel_set_configuration
                        0x000825c1     0xa  Code  Gb  dmac.o [1]
dmac_channel_set_ctrlA  0x000825ad     0xa  Code  Gb  dmac.o [1]
dmac_channel_set_ctrlB  0x000825b7     0xa  Code  Gb  dmac.o [1]
dmac_channel_set_descriptor_addr
                        0x000825a3     0xa  Code  Gb  dmac.o [1]
dmac_channel_set_destination_addr
                        0x00082599     0xa  Code  Gb  dmac.o [1]
dmac_channel_set_source_addr
                        0x0008258f     0xa  Code  Gb  dmac.o [1]
dmac_channel_single_buf_transfer_init
                        0x000825cb    0x3c  Code  Gb  dmac.o [1]
dmac_enable             0x00082571     0x6  Code  Gb  dmac.o [1]
exit                    0x0008767d     0x4  Code  Gb  exit.o [3]
f_mount                 0x00080e49    0x22  Code  Gb  ff.o [1]
f_opendir               0x00080e7d    0x4a  Code  Gb  ff.o [1]
f_readdir               0x00080ee7    0x48  Code  Gb  ff.o [1]
ff_convert              0x000810cd    0x38  Code  Gb  ccsbcs.o [1]
ff_wtoupper             0x00081105    0x1e  Code  Gb  ccsbcs.o [1]
follow_path             0x00080a9b    0x5a  Code  Lc  ff.o [1]
freertos_copy_bytes_from_pdc_circular_buffer
                        0x00086c45    0x62  Code  Gb  freertos_peripheral_control.o [1]
freertos_obtain_peripheral_access_mutex
                        0x00086caf    0x38  Code  Gb  freertos_peripheral_control.o [1]
freertos_optionally_wait_transfer_completion
                        0x00086d41    0x1c  Code  Gb  freertos_peripheral_control.o [1]
freertos_start_pdc_transfer
                        0x00086ce7    0x5a  Code  Gb  freertos_peripheral_control.o [1]
freertos_usart_serial_init
                        0x00085d49   0x14e  Code  Gb  freertos_usart_serial.o [1]
freertos_usart_serial_read_packet
                        0x00085efd    0xde  Code  Gb  freertos_usart_serial.o [1]
freertos_usart_write_packet_async
                        0x00085e97    0x66  Code  Gb  freertos_usart_serial.o [1]
get_fat                 0x00080187    0xb4  Code  Lc  ff.o [1]
get_fileinfo            0x000809bd    0xde  Code  Lc  ff.o [1]
get_pdc_peripheral_details
                        0x00086b29    0x18  Code  Gb  freertos_peripheral_control.o [1]
get_run_time_counter_value
                        0x00084cc7    0x32  Code  Gb  run-time-stats-utils.o [1]
gs_interrupt_sources    0x20074568    0x70  Data  Lc  pio_handler.o [1]
gs_ul_nb_sources        0x200745d8     0x4  Data  Lc  pio_handler.o [1]
hsmci_adtc_start        0x000821c3    0x82  Code  Gb  hsmci.o [1]
hsmci_block_size        0x2007481c     0x2  Data  Lc  hsmci.o [1]
hsmci_deselect_device   0x00082165     0x2  Code  Gb  hsmci.o [1]
hsmci_get_bus_width     0x00082105     0xa  Code  Gb  hsmci.o [1]
hsmci_get_response      0x0008219b     0x6  Code  Gb  hsmci.o [1]
hsmci_get_response_128  0x000821a1    0x22  Code  Gb  hsmci.o [1]
hsmci_init              0x000820dd    0x28  Code  Gb  hsmci.o [1]
hsmci_is_high_speed_capable
                        0x0008210f     0x4  Code  Gb  hsmci.o [1]
hsmci_nb_block          0x2007481e     0x2  Data  Lc  hsmci.o [1]
hsmci_read_word         0x00082245    0x36  Code  Gb  hsmci.o [1]
hsmci_reset             0x00082045    0x28  Code  Lc  hsmci.o [1]
hsmci_select_device     0x00082113    0x52  Code  Gb  hsmci.o [1]
hsmci_send_clock        0x00082167    0x1c  Code  Gb  hsmci.o [1]
hsmci_send_cmd          0x00082183    0x18  Code  Gb  hsmci.o [1]
hsmci_send_cmd_execute  0x0008206d    0x70  Code  Lc  hsmci.o [1]
hsmci_start_read_blocks
                        0x00082283    0x36  Code  Gb  hsmci.o [1]
hsmci_start_write_blocks
                        0x000822e5    0x2c  Code  Gb  hsmci.o [1]
hsmci_transfert_pos     0x20074820     0x4  Data  Lc  hsmci.o [1]
hsmci_wait_end_of_read_blocks
                        0x000822b9    0x2c  Code  Gb  hsmci.o [1]
hsmci_wait_end_of_write_blocks
                        0x0008235d    0x2c  Code  Gb  hsmci.o [1]
local_twi_handler       0x000873b1    0x90  Code  Lc  freertos_twi_master.o [1]
local_usart_handler     0x00086059    0xcc  Code  Lc  freertos_usart_serial.o [1]
ls_command              0x000863e3    0x94  Code  Lc  CLI-commands.o [1]
ls_command_definition   0x000867a8    0x10  Data  Lc  CLI-commands.o [1]
main                    0x00084511    0x3c  Code  Gb  main.o [1]
mem_read_capacity       0x0008160d     0xe  Code  Gb  ctrl_access.o [1]
mem_sector_size         0x0008161b     0x8  Code  Gb  ctrl_access.o [1]
mem_set                 0x000800f5     0xe  Code  Lc  ff.o [1]
mem_test_unit_ready     0x00081601     0xc  Code  Gb  ctrl_access.o [1]
mem_wr_protect          0x00081623     0xc  Code  Gb  ctrl_access.o [1]
memchr                  0x00083185          Code  Gb  memchr.o [5]
memcmp                  0x00084d25          Code  Gb  memcmp.o [5]
memory_2_ram            0x0008162f    0x12  Code  Gb  ctrl_access.o [1]
mmc_decode_csd          0x0008180b    0x86  Code  Lc  sd_mmc.o [1]
mmc_trans_multipliers   0x00082004    0x40  Data  Gb  sd_mmc.o [1]
move_window             0x00080115    0x4c  Code  Lc  ff.o [1]
multi_parameter_echo_command
                        0x000862db    0x5c  Code  Lc  CLI-commands.o [1]
multi_parameter_echo_command_definition
                        0x00086778    0x10  Data  Lc  CLI-commands.o [1]
ndigs                   0x00087060    0x28  Data  Lc  xstoul.o [3]
osc_enable              0x00084dbd    0x3a  Code  Lc  sysclk.o [1]
osc_wait_ready          0x00084df7    0x28  Code  Lc  sysclk.o [1]
pcStatsString           0x20074728    0x34  Data  Lc  tasks.o [1]
pdc_disable_transfer    0x00086edb     0x4  Code  Gb  pdc.o [1]
pdc_enable_transfer     0x00086ed5     0x6  Code  Gb  pdc.o [1]
pdc_rx_init             0x00086ebf    0x16  Code  Gb  pdc.o [1]
pdc_tx_init             0x00086ea9    0x16  Code  Gb  pdc.o [1]
periodic_event_mutex    0x20070084     0x4  Data  Lc  periodic_task.o [1]
periodic_event_semaphore
                        0x20070080     0x4  Data  Lc  periodic_task.o [1]
periodic_task           0x00085361    0x6c  Code  Lc  periodic_task.o [1]
periodic_task_cmd_register
                        0x0008548f    0x42  Code  Gb  periodic_task.o [1]
pio_configure_pin       0x00085cb3    0x82  Code  Gb  pio.o [1]
pio_get_interrupt_mask  0x00085c63     0x4  Code  Gb  pio.o [1]
pio_get_interrupt_status
                        0x00085c5f     0x4  Code  Gb  pio.o [1]
pio_handler_process     0x00087539    0x3e  Code  Gb  pio_handler.o [1]
pio_pull_up             0x00085bc9     0xa  Code  Gb  pio.o [1]
pio_set_input           0x00085c09    0x2e  Code  Gb  pio.o [1]
pio_set_output          0x00085c37    0x28  Code  Gb  pio.o [1]
pio_set_peripheral      0x00085bd3    0x36  Code  Gb  pio.o [1]
pio_set_pin_high        0x00085c67    0x16  Code  Gb  pio.o [1]
pio_set_pin_low         0x00085c7d    0x16  Code  Gb  pio.o [1]
pio_toggle_pin          0x00085c93    0x20  Code  Gb  pio.o [1]
pmc_disable_pllack      0x000824f1     0xc  Code  Gb  pmc.o [1]
pmc_enable_periph_clk   0x00082507    0x32  Code  Gb  pmc.o [1]
pmc_is_locked_pllack    0x000824fd     0xa  Code  Gb  pmc.o [1]
pmc_osc_is_ready_32kxtal
                        0x0008243f    0x18  Code  Gb  pmc.o [1]
pmc_osc_is_ready_mainck
                        0x000824e5     0xc  Code  Gb  pmc.o [1]
pmc_switch_mainck_to_fastrc
                        0x00082457    0x52  Code  Gb  pmc.o [1]
pmc_switch_mainck_to_xtal
                        0x000824a9    0x3c  Code  Gb  pmc.o [1]
pmc_switch_mck_to_pllack
                        0x000823dd    0x42  Code  Gb  pmc.o [1]
pmc_switch_sclk_to_32kxtal
                        0x0008241f    0x20  Code  Gb  pmc.o [1]
portable_delay_cycles   0x200700cd     0xa  Code  Gb  cycle_counter.o [1]
prvAddCurrentTaskToDelayedList
                        0x0008421f    0x32  Code  Lc  tasks.o [1]
prvCheckForValidListAndQueue
                        0x00084ba3    0x3c  Code  Lc  timers.o [1]
prvCopyDataFromQueue    0x00085999    0x26  Code  Lc  queue.o [1]
prvCopyDataToQueue      0x0008593d    0x5c  Code  Lc  queue.o [1]
prvGenerateRunTimeStatsForTasksInList
                        0x000842cb    0x92  Code  Lc  tasks.o [1]
prvHelpCommand          0x0008690d    0x24  Code  Lc  FreeRTOS_CLI.o [1]
prvIdleTask             0x000841c5    0x5a  Code  Lc  tasks.o [1]
prvInsertBlockIntoFreeList
                        0x0008466f    0x46  Code  Lc  heap_4.o [1]
prvInsertTimerInActiveList
                        0x00084a57    0x34  Code  Lc  timers.o [1]
prvListTaskWithinSingleList
                        0x00084251    0x6c  Code  Lc  tasks.o [1]
prvProcessReceivedCommands
                        0x00084a8b    0xac  Code  Lc  timers.o [1]
prvSampleTimeNow        0x00084a33    0x24  Code  Lc  timers.o [1]
prvSwitchTimerLists     0x00084b37    0x60  Code  Lc  timers.o [1]
prvTimerTask            0x00084989    0xaa  Code  Lc  timers.o [1]
prvUnlockQueue          0x000859bf    0x5c  Code  Lc  queue.o [1]
put_fat                 0x0008023b    0xd8  Code  Lc  ff.o [1]
pvPortMalloc            0x00084585    0xc4  Code  Gb  heap_4.o [1]
pxCurrentTCB            0x200744bc     0x4  Data  Gb  tasks.o [1]
pxCurrentTimerList      0x2007475c     0x4  Data  Lc  timers.o [1]
pxDelayedTaskList       0x20074524     0x4  Data  Lc  tasks.o [1]
pxEnd                   0x200700b8     0x4  Data  Lc  heap_4.o [1]
pxOverflowDelayedTaskList
                        0x20074528     0x4  Data  Lc  tasks.o [1]
pxOverflowTimerList     0x20074760     0x4  Data  Lc  timers.o [1]
pxPortInitialiseStack   0x00084859    0x1a  Code  Gb  port.o [1]
pxReadyTasksLists       0x200744c0    0x64  Data  Lc  tasks.o [1]
ram_2_memory            0x00081641    0x12  Code  Gb  ctrl_access.o [1]
receive_buffer          0x200746f4    0x34  Data  Lc  USART-CLI-task.o [1]
rtc_set_hour_mode       0x000815e5    0x12  Code  Gb  rtc.o [1]
run_time_stats_command  0x00086243    0x24  Code  Lc  CLI-commands.o [1]
run_time_stats_command_definition
                        0x00086748    0x10  Data  Lc  CLI-commands.o [1]
rx_buffer_definitions   0x200745dc    0x70  Data  Lc  freertos_usart_serial.o [1]
rx_dma_control          0x200747c8    0x10  Data  Lc  freertos_twi_master.o [1]
sd_cm6_set_high_speed   0x00081775    0x6c  Code  Lc  sd_mmc.o [1]
sd_mmc_card             0x20074818     0x4  Data  Lc  sd_mmc.o [1]
sd_mmc_cards            0x2007005c    0x24  Data  Lc  sd_mmc.o [1]
sd_mmc_check            0x00081d91    0x38  Code  Gb  sd_mmc.o [1]
sd_mmc_cmd9_mci         0x000817e9    0x22  Code  Lc  sd_mmc.o [1]
sd_mmc_configure_slot   0x00081949    0x18  Code  Lc  sd_mmc.o [1]
sd_mmc_deselect_slot    0x00081961    0x10  Code  Lc  sd_mmc.o [1]
sd_mmc_ejected          0x20074840     0x2  Data  Lc  sd_mmc_mem.o [1]
sd_mmc_get_capacity     0x00081de1    0x18  Code  Gb  sd_mmc.o [1]
sd_mmc_get_type         0x00081dc9    0x18  Code  Gb  sd_mmc.o [1]
sd_mmc_init             0x00081d71    0x1c  Code  Gb  sd_mmc.o [1]
sd_mmc_init_read_blocks
                        0x00081dfd    0x70  Code  Gb  sd_mmc.o [1]
sd_mmc_init_write_blocks
                        0x00081eb1    0x4e  Code  Gb  sd_mmc.o [1]
sd_mmc_is_write_protected
                        0x00081df9     0x4  Code  Gb  sd_mmc.o [1]
sd_mmc_mci_card_init    0x00081971   0x21c  Code  Lc  sd_mmc.o [1]
sd_mmc_mci_install_mmc  0x00081bbf   0x184  Code  Lc  sd_mmc.o [1]
sd_mmc_mem_2_ram        0x000816bb    0x26  Code  Gb  sd_mmc_mem.o [1]
sd_mmc_mem_2_ram_0      0x000816e1     0x8  Code  Gb  sd_mmc_mem.o [1]
sd_mmc_nb_block_remaining
                        0x20074814     0x2  Data  Lc  sd_mmc.o [1]
sd_mmc_nb_block_to_tranfer
                        0x20074812     0x2  Data  Lc  sd_mmc.o [1]
sd_mmc_nb_slot          0x00081d8d     0x4  Code  Gb  sd_mmc.o [1]
sd_mmc_ram_2_mem        0x000816e9    0x26  Code  Gb  sd_mmc_mem.o [1]
sd_mmc_ram_2_mem_0      0x0008170f     0x8  Code  Gb  sd_mmc_mem.o [1]
sd_mmc_read_capacity    0x00081691    0x18  Code  Gb  sd_mmc_mem.o [1]
sd_mmc_read_capacity_0  0x000816a9     0x6  Code  Gb  sd_mmc_mem.o [1]
sd_mmc_sam_systick_used
                        0x20074811     0x1  Data  Lc  sd_mmc.o [1]
sd_mmc_select_slot      0x0008189d    0xac  Code  Lc  sd_mmc.o [1]
sd_mmc_slot_sel         0x20074810     0x1  Data  Lc  sd_mmc.o [1]
sd_mmc_start_read_blocks
                        0x00081e6d    0x10  Code  Gb  sd_mmc.o [1]
sd_mmc_start_write_blocks
                        0x00081eff    0x10  Code  Gb  sd_mmc.o [1]
sd_mmc_test_unit_ready  0x00081655    0x38  Code  Gb  sd_mmc_mem.o [1]
sd_mmc_test_unit_ready_0
                        0x0008168d     0x4  Code  Gb  sd_mmc_mem.o [1]
sd_mmc_trans_units      0x00081fa8    0x1c  Data  Gb  sd_mmc.o [1]
sd_mmc_wait_end_of_read_blocks
                        0x00081e7d    0x34  Code  Gb  sd_mmc.o [1]
sd_mmc_wait_end_of_write_blocks
                        0x00081f1f    0x2e  Code  Gb  sd_mmc.o [1]
sd_mmc_wr_protect_0     0x000816b5     0x6  Code  Gb  sd_mmc_mem.o [1]
sd_trans_multipliers    0x00081fc4    0x40  Data  Gb  sd_mmc.o [1]
snprintf                0x00087089    0x44  Code  Gb  snprintf.o [3]
sprintf                 0x00084d89    0x34  Code  Gb  sprintf.o [3]
strcat                  0x00084d09    0x1c  Code  Gb  strcat.o [3]
strchr                  0x00083135          Code  Gb  strchr.o [5]
strcpy                  0x00086a3d          Code  Gb  strcpy.o [5]
strlen                  0x0008314d          Code  Gb  strlen.o [5]
strncat                 0x00086eeb    0x28  Code  Gb  strncat.o [3]
strncmp                 0x000870cd    0x2a  Code  Gb  strncmp.o [3]
strncpy                 0x00084759          Code  Gb  strncpy.o [5]
sum_sfn                 0x00080511    0x1c  Code  Lc  ff.o [1]
sysclk_init             0x00084e27    0x2e  Code  Gb  sysclk.o [1]
system_init_flash       0x00085b59    0x3a  Code  Gb  system_sam3x.o [1]
task_stats_command      0x0008621f    0x24  Code  Lc  CLI-commands.o [1]
task_stats_command_definition
                        0x00086758    0x10  Data  Lc  CLI-commands.o [1]
tc_enable_interrupt     0x00086aad     0x8  Code  Gb  tc.o [1]
tc_find_mck_divisor     0x00086abd    0x58  Code  Gb  tc.o [1]
tc_get_status           0x00086ab5     0x8  Code  Gb  tc.o [1]
tc_init                 0x00086a89    0x14  Code  Gb  tc.o [1]
tc_start                0x00086a9d     0x8  Code  Gb  tc.o [1]
tc_write_rc             0x00086aa5     0x8  Code  Gb  tc.o [1]
three_parameter_echo_command
                        0x00086267    0x74  Code  Lc  CLI-commands.o [1]
three_parameter_echo_command_definition
                        0x00086768    0x10  Data  Lc  CLI-commands.o [1]
twi_disable_interrupt   0x00087485     0x6  Code  Gb  twi.o [1]
twi_get_interrupt_mask  0x0008748f     0x4  Code  Gb  twi.o [1]
twi_get_interrupt_status
                        0x0008748b     0x4  Code  Gb  twi.o [1]
tx_dma_control          0x200747b8    0x10  Data  Lc  freertos_twi_master.o [1]
tx_dma_control          0x200747d8    0x20  Data  Lc  freertos_usart_serial.o [1]
ulLED                   0x00085040     0xc  Data  Lc  partest.o [1]
ulPortSetInterruptMask  0x00084c77          Code  Gb  portasm.o [1]
ulTaskSwitchedInTime    0x20070058     0x4  Data  Lc  tasks.o [1]
usart_cli_output        0x000851e7    0x22  Code  Gb  USART-CLI-task.o [1]
usart_command_console_task
                        0x000850e1    0xf6  Code  Lc  USART-CLI-task.o [1]
usart_disable_interrupt
                        0x00086e7b     0x4  Code  Gb  usart.o [1]
usart_disable_rx        0x00086e6d     0x6  Code  Gb  usart.o [1]
usart_disable_tx        0x00086e61     0x6  Code  Gb  usart.o [1]
usart_enable_interrupt  0x00086e77     0x4  Code  Gb  usart.o [1]
usart_enable_rx         0x00086e67     0x6  Code  Gb  usart.o [1]
usart_enable_tx         0x00086e5b     0x6  Code  Gb  usart.o [1]
usart_get_interrupt_mask
                        0x00086e7f     0x4  Code  Gb  usart.o [1]
usart_get_status        0x00086e83     0x4  Code  Gb  usart.o [1]
usart_init_rs232        0x00086e15    0x34  Code  Gb  usart.o [1]
usart_reset             0x00086df5    0x20  Code  Gb  usart.o [1]
usart_reset_status      0x00086e87     0x8  Code  Gb  usart.o [1]
usart_set_async_baudrate
                        0x00086db5    0x40  Code  Lc  usart.o [1]
usart_set_rx_timeout    0x00086e73     0x4  Code  Gb  usart.o [1]
usart_start_rx_timeout  0x00086e8f     0x8  Code  Gb  usart.o [1]
uxCriticalNesting       0x200700e0     0x4  Data  Lc  port.o [1]
uxCurrentNumberOfTasks  0x20074530     0x4  Data  Lc  tasks.o [1]
uxListRemove            0x00084833    0x26  Code  Gb  list.o [1]
uxMissedTicks           0x20070044     0x4  Data  Lc  tasks.o [1]
uxSchedulerSuspended    0x2007453c     0x4  Data  Lc  tasks.o [1]
uxTaskNumber            0x20070050     0x4  Data  Lc  tasks.o [1]
uxTasksDeleted          0x2007452c     0x4  Data  Lc  tasks.o [1]
uxTopReadyPriority      0x20074538     0x4  Data  Lc  tasks.o [1]
uxTopUsedPriority       0x2007003c     0x4  Data  Lc  tasks.o [1]
vApplicationMallocFailedHook
                        0x00084559     0x6  Code  Gb  main.o [1]
vApplicationStackOverflowHook
                        0x0008455f     0x6  Code  Gb  main.o [1]
vListInitialise         0x000847c5    0x1a  Code  Gb  list.o [1]
vListInitialiseItem     0x000847df     0x6  Code  Gb  list.o [1]
vListInsert             0x00084801    0x32  Code  Gb  list.o [1]
vListInsertEnd          0x000847e5    0x1c  Code  Gb  list.o [1]
vParTestInitialise      0x00084fd1    0x2a  Code  Gb  partest.o [1]
vParTestSetLED          0x00084ffb    0x44  Code  Gb  partest.o [1]
vPortClearInterruptMask
                        0x00084c85          Code  Gb  portasm.o [1]
vPortEnterCritical      0x000848a3    0x10  Code  Gb  port.o [1]
vPortExitCritical       0x000848b3    0x12  Code  Gb  port.o [1]
vPortFree               0x00084649    0x26  Code  Gb  heap_4.o [1]
vPortSetupTimerInterrupt
                        0x000848e1     0xc  Code  Wk  port.o [1]
vPortStartFirstTask     0x00084ca7          Code  Gb  portasm.o [1]
vPortYieldFromISR       0x00084899     0xa  Code  Gb  port.o [1]
vQueueWaitForMessageRestricted
                        0x00085a1b    0x38  Code  Gb  queue.o [1]
vRegisterCLICommands    0x000861e1    0x3e  Code  Gb  CLI-commands.o [1]
vTaskDelay              0x00083c39    0x4a  Code  Gb  tasks.o [1]
vTaskDelete             0x00083be7    0x52  Code  Gb  tasks.o [1]
vTaskGetRunTimeStats    0x00083e73    0x74  Code  Gb  tasks.o [1]
vTaskIncrementTick      0x00083f09    0x9c  Code  Gb  tasks.o [1]
vTaskList               0x00083e07    0x68  Code  Gb  tasks.o [1]
vTaskMissedYield        0x000841b5     0x8  Code  Gb  tasks.o [1]
vTaskPlaceOnEventList   0x00084049    0x38  Code  Gb  tasks.o [1]
vTaskPlaceOnEventListRestricted
                        0x0008409b    0x20  Code  Gb  tasks.o [1]
vTaskPriorityDisinherit
                        0x000843eb    0x56  Code  Gb  tasks.o [1]
vTaskPriorityInherit    0x00084379    0x72  Code  Gb  tasks.o [1]
vTaskSetTimeOutState    0x00084133    0x1c  Code  Gb  tasks.o [1]
vTaskStartScheduler     0x00083cc7    0x64  Code  Gb  tasks.o [1]
vTaskSuspendAll         0x00083d2b    0x10  Code  Gb  tasks.o [1]
vTaskSwitchContext      0x00083fb9    0x84  Code  Gb  tasks.o [1]
validate                0x00080e21    0x28  Code  Lc  ff.o [1]
xActiveStates           0x0008504c     0xc  Data  Lc  partest.o [1]
xActiveTimerList1       0x20074768    0x14  Data  Lc  timers.o [1]
xActiveTimerList2       0x2007477c    0x14  Data  Lc  timers.o [1]
xDelayedTaskList1       0x20074540    0x14  Data  Lc  tasks.o [1]
xDelayedTaskList2       0x20074554    0x14  Data  Lc  tasks.o [1]
xFreeBytesRemaining     0x200700bc     0x4  Data  Lc  heap_4.o [1]
xHeap                   0x200700e8  0x4000  Data  Lc  heap_4.o [1]
xHelpCommand            0x000875f0    0x10  Data  Lc  FreeRTOS_CLI.o [1]
xLedBlink1              0x200700c0     0xc  Data  Lc  periodic_task.o [1]
xLedBlink2              0x2007008c     0xc  Data  Lc  periodic_task.o [1]
xLedBlinkCbk1           0x00085331     0x6  Code  Lc  periodic_task.o [1]
xLedBlinkCbk2           0x00085337     0x6  Code  Lc  periodic_task.o [1]
xMissedYield            0x20070048     0x4  Data  Lc  tasks.o [1]
xNextTaskUnblockTime    0x20070054     0x4  Data  Lc  tasks.o [1]
xNumOfOverflows         0x2007004c     0x4  Data  Lc  tasks.o [1]
xPendingReadyList       0x20070000    0x14  Data  Lc  tasks.o [1]
xPortStartScheduler     0x00084873    0x26  Code  Gb  port.o [1]
xQueueCreateCountingSemaphore
                        0x00085679    0x22  Code  Gb  queue.o [1]
xQueueCreateMutex       0x0008561d    0x5c  Code  Gb  queue.o [1]
xQueueGenericCreate     0x000855cb    0x52  Code  Gb  queue.o [1]
xQueueGenericReceive    0x000857ef   0x108  Code  Gb  queue.o [1]
xQueueGenericReset      0x00085561    0x6a  Code  Gb  queue.o [1]
xQueueGenericSend       0x0008569b    0xdc  Code  Gb  queue.o [1]
xQueueGenericSendFromISR
                        0x00085777    0x78  Code  Gb  queue.o [1]
xRegisteredCommands     0x200700a8     0x8  Data  Lc  FreeRTOS_CLI.o [1]
xRegisteredCommands     0x20070098     0x8  Data  Lc  periodic_task.o [1]
xSchedulerRunning       0x20070040     0x4  Data  Lc  tasks.o [1]
xStart                  0x200700b0     0x8  Data  Lc  heap_4.o [1]
xSuspendedTaskList      0x20070028    0x14  Data  Lc  tasks.o [1]
xTaskCheckForTimeOut    0x0008414f    0x66  Code  Gb  tasks.o [1]
xTaskGenericCreate      0x00083a51   0x196  Code  Gb  tasks.o [1]
xTaskGetCurrentTaskHandle
                        0x0008435d     0x6  Code  Gb  tasks.o [1]
xTaskGetSchedulerState  0x00084363    0x16  Code  Gb  tasks.o [1]
xTaskGetTickCount       0x00083ddf     0xc  Code  Gb  tasks.o [1]
xTaskGetTickCountFromISR
                        0x00083df3    0x14  Code  Gb  tasks.o [1]
xTaskRemoveFromEventList
                        0x000840d3    0x4a  Code  Gb  tasks.o [1]
xTaskResumeAll          0x00083d3b    0x9a  Code  Gb  tasks.o [1]
xTasksWaitingTermination
                        0x20070014    0x14  Data  Lc  tasks.o [1]
xTickCount              0x20074534     0x4  Data  Lc  tasks.o [1]
xTimerCreateTimerTask   0x00084905    0x3e  Code  Gb  timers.o [1]
xTimerGenericCommand    0x00084943    0x42  Code  Gb  timers.o [1]
xTimerQueue             0x20074764     0x4  Data  Lc  timers.o [1]


[1] = E:\_PY\_work\_GPS\asf-3.7.3\thirdparty\freertos\demo\multi_thread_app\sam3x8h_sam3x_ek\iar\Debug\Obj
[2] = command line
[3] = dl7M_tln.a
[4] = m7M_tl.a
[5] = rt7M_tl.a

  29 362 bytes of readonly  code memory
      10 bytes of readwrite code memory
   1 112 bytes of readonly  data memory
  26 680 bytes of readwrite data memory

Errors: none
Warnings: none
